[themeaone.com/hexa-preview/index.html]
[backblue.gif]
[fade.gif]
[index.html]
[themeaone.com/hexa-preview/img/favicon.ico]
[themeaone.com/hexa-preview/js/vendor/modernizr-2.8.3.min.js]
[themeaone.com/hexa-preview/img/bg/1.jpg]
[themeaone.com/hexa-preview/img/demo/1.jpg]
[themeaone.com/hexa-preview/hexa/index.html]
[themeaone.com/hexa-preview/hexa/index-dark.html]
[themeaone.com/hexa-preview/img/demo/2.jpg]
[themeaone.com/hexa-preview/hexa/index-kenburne-slideshow.html]
[themeaone.com/hexa-preview/hexa/index-dark-kenburne-slideshow.html]
[themeaone.com/hexa-preview/img/demo/3.jpg]
[themeaone.com/hexa-preview/hexa/index-solid.html]
[themeaone.com/hexa-preview/hexa/index-dark-solid.html]
[themeaone.com/hexa-preview/img/demo/4.jpg]
[themeaone.com/hexa-preview/hexa/index-selfhost-video.html]
[themeaone.com/hexa-preview/hexa/index-dark-selfhost-video.html]
[themeaone.com/hexa-preview/img/demo/5.jpg]
[themeaone.com/hexa-preview/hexa/index-youtube-video.html]
[themeaone.com/hexa-preview/hexa/index-dark-youtube-video.html]
[themeaone.com/hexa-preview/img/demo/6.jpg]
[themeaone.com/hexa-preview/hexa/index-vimeo-video.html]
[themeaone.com/hexa-preview/hexa/index-dark-vimeo-video.html]
[themeaone.com/hexa-preview/img/demo/7.jpg]
[themeaone.com/hexa-preview/hexa/blog.html]
[themeaone.com/hexa-preview/hexa/blog-dark.html]
[themeaone.com/hexa-preview/img/demo/8.jpg]
[themeaone.com/hexa-preview/hexa/blog-details.html]
[themeaone.com/hexa-preview/hexa/blog-details-dark.html]
[themeaone.com/hexa-preview/js/vendor/jquery-1.12.0.min.js]
[themeaone.com/hexa-preview/js/bootstrap.min.js]
[themeaone.com/hexa-preview/js/jquery-smooth-scroll.js]
[themeaone.com/hexa-preview/js/parallax.js]
[themeaone.com/hexa-preview/js/main.js]
[themeaone.com/hexa-preview/index.html]
[themeaone.com/hexa-preview/fonts/glyphicons-halflings-regular.eot]
[themeaone.com/hexa-preview/fonts/glyphicons-halflings-regulard41d.eot]
[themeaone.com/hexa-preview/fonts/glyphicons-halflings-regular.woff2]
[themeaone.com/hexa-preview/fonts/glyphicons-halflings-regular.woff]
[themeaone.com/hexa-preview/fonts/glyphicons-halflings-regular.ttf]
[themeaone.com/hexa-preview/fonts/glyphicons-halflings-regular.svg]
[themeaone.com/hexa-preview/css/bootstrap.min.css]
[themeaone.com/hexa-preview/fonts/fontawesome-webfont3e6e.eot]
[themeaone.com/hexa-preview/fonts/fontawesome-webfontd41d.eot]
[themeaone.com/hexa-preview/fonts/fontawesome-webfont3e6e.woff]
[themeaone.com/hexa-preview/fonts/fontawesome-webfont3e6e.ttf]
[themeaone.com/hexa-preview/css/font-awesome.min.css]
[themeaone.com/hexa-preview/fonts/Pe-icon-7-strokebb1d.eot]
[themeaone.com/hexa-preview/fonts/Pe-icon-7-stroked41d.eot]
[themeaone.com/hexa-preview/fonts/Pe-icon-7-strokebb1d.woff]
[themeaone.com/hexa-preview/fonts/Pe-icon-7-strokebb1d.ttf]
[themeaone.com/hexa-preview/css/pe-icon-7-stroke.css]
[themeaone.com/hexa-preview/img/section-bg/2.37.delayed]
[themeaone.com/hexa-preview/style.css]
[themeaone.com/hexa-preview/css/responsive.css]
[themeaone.com/hexa-preview/hexa/img/favicon.ico]
[themeaone.com/hexa-preview/hexa/js/vendor/modernizr-2.8.3.min.js]
[themeaone.com/hexa-preview/hexa/img/section-bg/1.jpg]
[themeaone.com/hexa-preview/hexa/img/photo.jpg]
[themeaone.com/hexa-preview/hexa/img/signature.png]
[themeaone.com/hexa-preview/hexa/img/section-bg/4.jpg]
[themeaone.com/hexa-preview/hexa/img/section-bg/2.jpg]
[themeaone.com/hexa-preview/hexa/img/portfolio/big/1.jpg]
[themeaone.com/hexa-preview/hexa/img/portfolio/1.jpg]
[themeaone.com/hexa-preview/hexa/img/portfolio/big/2.jpg]
[themeaone.com/hexa-preview/hexa/img/portfolio/2.jpg]
[themeaone.com/hexa-preview/hexa/img/portfolio/big/3.jpg]
[themeaone.com/hexa-preview/hexa/img/portfolio/3.jpg]
[themeaone.com/hexa-preview/hexa/img/portfolio/big/4.jpg]
[themeaone.com/hexa-preview/hexa/img/portfolio/4.jpg]
[themeaone.com/hexa-preview/hexa/img/portfolio/big/5.jpg]
[themeaone.com/hexa-preview/hexa/img/portfolio/5.jpg]
[themeaone.com/hexa-preview/hexa/img/portfolio/big/6.jpg]
[themeaone.com/hexa-preview/hexa/img/portfolio/6.jpg]
[themeaone.com/hexa-preview/hexa/img/portfolio/big/7.jpg]
[themeaone.com/hexa-preview/hexa/img/portfolio/7.jpg]
[themeaone.com/hexa-preview/hexa/img/portfolio/big/8.jpg]
[themeaone.com/hexa-preview/hexa/img/portfolio/8.jpg]
[themeaone.com/hexa-preview/hexa/img/portfolio/big/9.jpg]
[themeaone.com/hexa-preview/hexa/img/portfolio/9.jpg]
[themeaone.com/hexa-preview/hexa/img/portfolio/big/10.jpg]
[themeaone.com/hexa-preview/hexa/img/portfolio/10.jpg]
[themeaone.com/hexa-preview/hexa/img/portfolio/big/11.jpg]
[themeaone.com/hexa-preview/hexa/img/portfolio/11.jpg]
[themeaone.com/hexa-preview/hexa/img/portfolio/big/12.jpg]
[themeaone.com/hexa-preview/hexa/img/portfolio/12.jpg]
[themeaone.com/hexa-preview/hexa/img/section-bg/5.jpg]
[themeaone.com/hexa-preview/hexa/img/blog/1.jpg]
[themeaone.com/hexa-preview/hexa/img/blog/2.jpg]
[themeaone.com/hexa-preview/hexa/img/blog/4.jpg]
[themeaone.com/hexa-preview/hexa/img/section-bg/3.jpg]
[themeaone.com/hexa-preview/hexa/js/vendor/jquery-1.12.0.min.js]
[themeaone.com/hexa-preview/hexa/js/bootstrap.min.js]
[themeaone.com/hexa-preview/hexa/js/headlines.js]
[themeaone.com/hexa-preview/hexa/js/plugins.js]
[themeaone.com/hexa-preview/hexa/js/main.js]
[themeaone.com/hexa-preview/hexa/index.html]
[themeaone.com/hexa-preview/hexa/img/signature-2.png]
[themeaone.com/hexa-preview/hexa/index-dark.html]
[themeaone.com/hexa-preview/hexa/img/section-bg/6.jpg]
[themeaone.com/hexa-preview/hexa/img/section-bg/7.jpg]
[themeaone.com/hexa-preview/hexa/index-kenburne-slideshow.html]
[themeaone.com/hexa-preview/hexa/img/section-bg/8.jpg]
[themeaone.com/hexa-preview/hexa/index-dark-kenburne-slideshow.html]
[themeaone.com/hexa-preview/hexa/index-solid.html]
[themeaone.com/hexa-preview/hexa/index-dark-solid.html]
[themeaone.com/hexa-preview/hexa/index-selfhost-video.html]
[themeaone.com/hexa-preview/hexa/index-dark-selfhost-video.html]
[themeaone.com/hexa-preview/hexa/index-youtube-video.html]
[themeaone.com/hexa-preview/hexa/index-dark-youtube-video.html]
[themeaone.com/hexa-preview/hexa/index-vimeo-video.html]
[themeaone.com/hexa-preview/hexa/index-dark-vimeo-video.html]
[themeaone.com/hexa-preview/hexa/img/blog/sidebar-post-1.jpg]
[themeaone.com/hexa-preview/hexa/blog.html]
[themeaone.com/hexa-preview/hexa/blog-dark.html]
[themeaone.com/hexa-preview/hexa/img/comments/1.jpg]
[themeaone.com/hexa-preview/hexa/img/comments/2.jpg]
[themeaone.com/hexa-preview/hexa/img/comments/3.jpg]
[themeaone.com/hexa-preview/hexa/blog-details.html]
[themeaone.com/hexa-preview/hexa/blog-details-dark.html]
[themeaone.com/hexa-preview/fonts/glyphicons-halflings-regular.html]
[themeaone.com/hexa-preview/fonts/glyphicons-halflings-regulard41d.html]
[themeaone.com/hexa-preview/fonts/glyphicons-halflings-regular-2.html]
[themeaone.com/hexa-preview/fonts/glyphicons-halflings-regular-3.html]
[themeaone.com/hexa-preview/fonts/glyphicons-halflings-regular-4.html]
[themeaone.com/hexa-preview/fonts/glyphicons-halflings-regular-5.html]
[themeaone.com/hexa-preview/fonts/fontawesome-webfont3e6e.html]
[themeaone.com/hexa-preview/fonts/fontawesome-webfont3e6e.svg]
[themeaone.com/hexa-preview/fonts/Pe-icon-7-strokebb1d.svg]
[themeaone.com/hexa-preview/img/section-bg/2.html]
[themeaone.com/hexa-preview/hexa/fonts/glyphicons-halflings-regular.eot]
[themeaone.com/hexa-preview/hexa/fonts/glyphicons-halflings-regulard41d.eot]
[themeaone.com/hexa-preview/hexa/fonts/glyphicons-halflings-regular.woff2]
[themeaone.com/hexa-preview/hexa/fonts/glyphicons-halflings-regular.woff]
[themeaone.com/hexa-preview/hexa/fonts/glyphicons-halflings-regular.ttf]
[themeaone.com/hexa-preview/hexa/fonts/glyphicons-halflings-regular.svg]
[themeaone.com/hexa-preview/hexa/css/bootstrap.min.css]
[themeaone.com/hexa-preview/hexa/fonts/fontawesome-webfont3e6e.eot]
[themeaone.com/hexa-preview/hexa/fonts/fontawesome-webfontd41d.eot]
[themeaone.com/hexa-preview/hexa/fonts/fontawesome-webfont3e6e.woff]
[themeaone.com/hexa-preview/hexa/fonts/fontawesome-webfont3e6e.ttf]
[themeaone.com/hexa-preview/hexa/css/font-awesome.min.css]
[themeaone.com/hexa-preview/hexa/fonts/Pe-icon-7-strokebb1d.eot]
[themeaone.com/hexa-preview/hexa/fonts/Pe-icon-7-stroked41d.eot]
[themeaone.com/hexa-preview/hexa/fonts/Pe-icon-7-strokebb1d.woff]
[themeaone.com/hexa-preview/hexa/fonts/Pe-icon-7-strokebb1d.ttf]
[themeaone.com/hexa-preview/hexa/css/pe-icon-7-stroke.css]
[themeaone.com/hexa-preview/hexa/css/headlines.css]
[themeaone.com/hexa-preview/hexa/css/font/ytp-regular.80.delayed]
[themeaone.com/hexa-preview/hexa/css/font/vimeo.81.delayed]
[themeaone.com/hexa-preview/hexa/css/font/vimeo.woff2]
[themeaone.com/hexa-preview/hexa/css/font/vimeo.woff]
[themeaone.com/hexa-preview/hexa/css/images/raster.png]
[themeaone.com/hexa-preview/hexa/css/images/raster@2x.png]
[themeaone.com/hexa-preview/hexa/css/images/raster_dot.png]
[themeaone.com/hexa-preview/hexa/css/images/raster_dot@2x.png]
[themeaone.com/hexa-preview/hexa/css/plugins.css]
[themeaone.com/hexa-preview/hexa/style.css]
[themeaone.com/hexa-preview/hexa/fonts/glyphicons-halflings-regular.html]
[themeaone.com/hexa-preview/hexa/fonts/glyphicons-halflings-regulard41d.html]
[themeaone.com/hexa-preview/hexa/fonts/glyphicons-halflings-regular-2.html]
[themeaone.com/hexa-preview/hexa/fonts/glyphicons-halflings-regular-3.html]
[themeaone.com/hexa-preview/hexa/fonts/glyphicons-halflings-regular-4.html]
[themeaone.com/hexa-preview/hexa/fonts/glyphicons-halflings-regular-5.html]
[themeaone.com/hexa-preview/hexa/fonts/fontawesome-webfont3e6e.html]
[themeaone.com/hexa-preview/hexa/fonts/fontawesome-webfont3e6e.svg]
[themeaone.com/hexa-preview/hexa/fonts/Pe-icon-7-strokebb1d.svg]
[themeaone.com/hexa-preview/hexa/css/font/ytp-regular.html]
[themeaone.com/hexa-preview/hexa/css/font/vimeo.html]
[themeaone.com/hexa-preview/hexa/css/font/vimeo-2.html]
[themeaone.com/hexa-preview/hexa/css/font/vimeo-3.html]
[themeaone.com/hexa-preview/hexa/css/images/raster.html]
[themeaone.com/hexa-preview/hexa/css/images/raster@2x.html]
[themeaone.com/hexa-preview/hexa/css/images/raster_dot.html]
[themeaone.com/hexa-preview/hexa/css/images/raster_dot@2x.html]
