[backblue.gif]
[fade.gif]
[index.html]
[demo.smartaddons.com/templates/html/destino/ico/favicon.png]
[demo.smartaddons.com/templates/html/destino/img/demo/flags/gb.png]
[demo.smartaddons.com/templates/html/destino/img/demo/flags/lb.png]
[demo.smartaddons.com/templates/html/destino/img/demo/logo/logo.png]
[demo.smartaddons.com/templates/html/destino/img/demo/shop/product/35.jpg]
[demo.smartaddons.com/templates/html/destino/img/demo/shop/product/141.jpg]
[demo.smartaddons.com/templates/html/destino/img/demo/feature/home-1.jpg]
[demo.smartaddons.com/templates/html/destino/img/demo/feature/home-2.jpg]
[demo.smartaddons.com/templates/html/destino/img/demo/feature/home-3.jpg]
[demo.smartaddons.com/templates/html/destino/img/demo/feature/home-4.jpg]
[demo.smartaddons.com/templates/html/destino/img/demo/cms/img1.jpg]
[demo.smartaddons.com/templates/html/destino/img/demo/cms/img2.jpg]
[demo.smartaddons.com/templates/html/destino/img/demo/cms/img3.jpg]
[demo.smartaddons.com/templates/html/destino/img/demo/cms/img4.jpg]
[demo.smartaddons.com/templates/html/destino/img/demo/shop/product/W1.jpg]
[demo.smartaddons.com/templates/html/destino/img/demo/slider/slider-1.jpg]
[demo.smartaddons.com/templates/html/destino/img/demo/slider/slider-2.jpg]
[demo.smartaddons.com/templates/html/destino/img/demo/slider/slider-3.jpg]
[demo.smartaddons.com/templates/html/destino/img/demo/shop/product/product-1.jpg]
[demo.smartaddons.com/templates/html/destino/img/demo/shop/product/product-2.jpg]
[demo.smartaddons.com/templates/html/destino/img/demo/shop/product/product-3.jpg]
[demo.smartaddons.com/templates/html/destino/img/demo/banner/banner1-1.jpg]
[demo.smartaddons.com/templates/html/destino/img/demo/banner/banner1-2.jpg]
[demo.smartaddons.com/templates/html/destino/img/demo/banner/banner2-1.jpg]
[demo.smartaddons.com/templates/html/destino/img/demo/banner/banner2-2.jpg]
[demo.smartaddons.com/templates/html/destino/img/demo/banner/banner2-3.jpg]
[demo.smartaddons.com/templates/html/destino/img/demo/shop/product/product-5.jpg]
[demo.smartaddons.com/templates/html/destino/img/demo/shop/product/product-4.jpg]
[demo.smartaddons.com/templates/html/destino/img/demo/shop/product/product-7.jpg]
[demo.smartaddons.com/templates/html/destino/img/demo/shop/product/product-6.jpg]
[demo.smartaddons.com/templates/html/destino/img/demo/blog/blog-1.jpg]
[demo.smartaddons.com/templates/html/destino/img/demo/blog/blog-2.jpg]
[demo.smartaddons.com/templates/html/destino/img/demo/blog/blog-3.jpg]
[demo.smartaddons.com/templates/html/destino/img/demo/blog/blog-4.jpg]
[demo.smartaddons.com/templates/html/destino/img/demo/blog/blog-5.jpg]
[demo.smartaddons.com/templates/html/destino/img/demo/blog/blog-6.jpg]
[demo.smartaddons.com/templates/html/destino/img/demo/shop/product/product-8.jpg]
[demo.smartaddons.com/templates/html/destino/img/demo/cms/newletter-bg.jpg]
[demo.smartaddons.com/templates/html/destino/img/demo/brands/brand-1.jpg]
[demo.smartaddons.com/templates/html/destino/img/demo/brands/brand-2.jpg]
[demo.smartaddons.com/templates/html/destino/img/demo/brands/brand-3.jpg]
[demo.smartaddons.com/templates/html/destino/img/demo/brands/brand-4.jpg]
[demo.smartaddons.com/templates/html/destino/img/demo/brands/brand-5.jpg]
[demo.smartaddons.com/templates/html/destino/img/demo/brands/brand-6.jpg]
[demo.smartaddons.com/templates/html/destino/img/demo/download/app.jpg]
[demo.smartaddons.com/templates/html/destino/img/demo/download/ggplay.jpg]
[demo.smartaddons.com/templates/html/destino/img/demo/payment/visa.jpg]
[demo.smartaddons.com/templates/html/destino/img/demo/payment/meastro.jpg]
[demo.smartaddons.com/templates/html/destino/img/demo/payment/paypal.jpg]
[demo.smartaddons.com/templates/html/destino/img/demo/payment/union.jpg]
[demo.smartaddons.com/templates/html/destino/img/demo/payment/cirrus.jpg]
[demo.smartaddons.com/templates/html/destino/img/demo/payment/ebay.jpg]
[demo.smartaddons.com/templates/html/destino/js/jquery-2.2.4.min.js]
[demo.smartaddons.com/templates/html/destino/js/bootstrap.min.js]
[demo.smartaddons.com/templates/html/destino/js/owl-carousel/owl.carousel.js]
[demo.smartaddons.com/templates/html/destino/js/themejs/libs.js]
[demo.smartaddons.com/templates/html/destino/js/unveil/jquery.unveil.js]
[demo.smartaddons.com/templates/html/destino/js/countdown/jquery.countdown.min.js]
[demo.smartaddons.com/templates/html/destino/js/dcjqaccordion/jquery.dcjqaccordion.2.8.min.js]
[demo.smartaddons.com/templates/html/destino/js/datetimepicker/moment.js]
[demo.smartaddons.com/templates/html/destino/js/datetimepicker/bootstrap-datetimepicker.min.js]
[demo.smartaddons.com/templates/html/destino/js/jquery-ui/jquery-ui.min.js]
[demo.smartaddons.com/templates/html/destino/js/modernizr/modernizr-2.6.2.min.js]
[demo.smartaddons.com/templates/html/destino/js/themejs/application.js]
[demo.smartaddons.com/templates/html/destino/index.html]
[demo.smartaddons.com/templates/html/destino/css/bootstrap/css/bootstrap.min.css]
[demo.smartaddons.com/templates/html/destino/css/font-awesome/css/font-awesome.min.css]
[demo.smartaddons.com/templates/html/destino/js/datetimepicker/bootstrap-datetimepicker.min.css]
[demo.smartaddons.com/templates/html/destino/js/owl-carousel/assets/owl.carousel.css]
[demo.smartaddons.com/templates/html/destino/js/owl-carousel/assets/owl.theme.default.min.css]
[demo.smartaddons.com/templates/html/destino/css/themecss/lib.css]
[demo.smartaddons.com/templates/html/destino/js/jquery-ui/jquery-ui.min.css]
[demo.smartaddons.com/templates/html/destino/css/themecss/so_megamenu.css]
[demo.smartaddons.com/templates/html/destino/css/themecss/so-categories.css]
[demo.smartaddons.com/templates/html/destino/css/themecss/so-listing-tabs.css]
[demo.smartaddons.com/templates/html/destino/css/themecss/so-newletter-popup.css]
[demo.smartaddons.com/templates/html/destino/css/themecss/just_purchased_notification.css]
[demo.smartaddons.com/templates/html/destino/css/footer1.css]
[demo.smartaddons.com/templates/html/destino/css/header1.css]
[demo.smartaddons.com/templates/html/destino/css/theme.css]
[demo.smartaddons.com/templates/html/destino/index-2.html]
[demo.smartaddons.com/templates/html/destino/html_width_RTL/index.html]
[demo.smartaddons.com/templates/html/destino/login.html]
[demo.smartaddons.com/templates/html/destino/register.html]
[demo.smartaddons.com/templates/html/destino/product.html]
[demo.smartaddons.com/templates/html/destino/cart.html]
[demo.smartaddons.com/templates/html/destino/checkout.html]
[demo.smartaddons.com/templates/html/destino/home2.html]
[demo.smartaddons.com/templates/html/destino/home3.html]
[demo.smartaddons.com/templates/html/destino/home4.html]
[demo.smartaddons.com/templates/html/destino/category.html]
[demo.smartaddons.com/templates/html/destino/category-v2.html]
[demo.smartaddons.com/templates/html/destino/category-v3.html]
[demo.smartaddons.com/templates/html/destino/product-v2.html]
[demo.smartaddons.com/templates/html/destino/product-v3.html]
[demo.smartaddons.com/templates/html/destino/compare.html]
[demo.smartaddons.com/templates/html/destino/wishlist.html]
[demo.smartaddons.com/templates/html/destino/my-account.html]
[demo.smartaddons.com/templates/html/destino/order-history.html]
[demo.smartaddons.com/templates/html/destino/order-information.html]
[demo.smartaddons.com/templates/html/destino/return.html]
[demo.smartaddons.com/templates/html/destino/gift-voucher.html]
[demo.smartaddons.com/templates/html/destino/faq.html]
[demo.smartaddons.com/templates/html/destino/sitemap.html]
[demo.smartaddons.com/templates/html/destino/contact.html]
[demo.smartaddons.com/templates/html/destino/banner-effect.html]
[demo.smartaddons.com/templates/html/destino/about-us.html]
[demo.smartaddons.com/templates/html/destino/about-us-2.html]
[demo.smartaddons.com/templates/html/destino/about-us-3.html]
[demo.smartaddons.com/templates/html/destino/about-us-4.html]
[demo.smartaddons.com/templates/html/destino/3.html]
[demo.smartaddons.com/templates/html/destino/blog-page.html]
[demo.smartaddons.com/templates/html/destino/18_46.html]
[demo.smartaddons.com/templates/html/destino/24_64.html]
[demo.smartaddons.com/templates/html/destino/18_45.html]
[demo.smartaddons.com/templates/html/destino/18_30.html]
[demo.smartaddons.com/templates/html/destino/24.html]
[demo.smartaddons.com/templates/html/destino/quickview.html]
[demo.smartaddons.com/templates/html/destino/blog-detail.html]
